#-----------------------------------------------------------
# Vivado v2019.2 (64-bit)
# SW Build 2708876 on Wed Nov  6 21:40:23 MST 2019
# IP Build 2700528 on Thu Nov  7 00:09:20 MST 2019
# Start of session at: Mon Jan  6 14:49:46 2020
# Process ID: 4332
# Current directory: C:/Users/Raymond-Ziyue/Desktop/Proj/JOJO
# Command line: vivado.exe -gui_launcher_event rodinguilauncherevent14660 C:\Users\Raymond-Ziyue\Desktop\Proj\JOJO\JOJO.xpr
# Log file: C:/Users/Raymond-Ziyue/Desktop/Proj/JOJO/vivado.log
# Journal file: C:/Users/Raymond-Ziyue/Desktop/Proj/JOJO\vivado.jou
#-----------------------------------------------------------
start_gui
open_project C:/Users/Raymond-Ziyue/Desktop/Proj/JOJO/JOJO.xpr
update_compile_order -fileset sources_1
reset_run synth_1
launch_runs impl_1 -to_step write_bitstream -jobs 6
wait_on_run impl_1
open_run impl_1
close_design
file copy -force C:/Users/Raymond-Ziyue/Desktop/Proj/JOJO/JOJO.runs/impl_1/Top_module.bit C:/Users/Raymond-Ziyue/Desktop/Proj/JOJO/JOJO.bit
