#-----------------------------------------------------------
# Vivado v2019.2 (64-bit)
# SW Build 2708876 on Wed Nov  6 21:40:23 MST 2019
# IP Build 2700528 on Thu Nov  7 00:09:20 MST 2019
# Start of session at: Sun Jan  5 09:18:46 2020
# Process ID: 17960
# Current directory: C:/Users/Raymond-Ziyue/Desktop/Proj/JOJO
# Command line: vivado.exe -gui_launcher_event rodinguilauncherevent10908 C:\Users\Raymond-Ziyue\Desktop\Proj\JOJO\JOJO.xpr
# Log file: C:/Users/Raymond-Ziyue/Desktop/Proj/JOJO/vivado.log
# Journal file: C:/Users/Raymond-Ziyue/Desktop/Proj/JOJO\vivado.jou
#-----------------------------------------------------------
start_gui
open_project C:/Users/Raymond-Ziyue/Desktop/Proj/JOJO/JOJO.xpr
update_compile_order -fileset sources_1
create_ip_run [get_files -of_objects [get_fileset sources_1] C:/Users/Raymond-Ziyue/Desktop/Proj/JOJO/Rom/ROM_Gamecover/ROM_Gamecover.bd]
create_ip_run [get_files -of_objects [get_fileset sources_1] C:/Users/Raymond-Ziyue/Desktop/Proj/JOJO/Rom/ROM_Background/ROM_Background.bd]
create_ip_run [get_files -of_objects [get_fileset sources_1] C:/Users/Raymond-Ziyue/Desktop/Proj/JOJO/Rom/ROM_Mask_normal/ROM_Mask_normal.bd]
create_ip_run [get_files -of_objects [get_fileset sources_1] C:/Users/Raymond-Ziyue/Desktop/Proj/JOJO/Rom/ROM_Mask_crazy/ROM_Mask_crazy.bd]
create_ip_run [get_files -of_objects [get_fileset sources_1] C:/Users/Raymond-Ziyue/Desktop/Proj/JOJO/Rom/ROM_JOJO_overdrive/ROM_JOJO_overdrive.bd]
create_ip_run [get_files -of_objects [get_fileset sources_1] C:/Users/Raymond-Ziyue/Desktop/Proj/JOJO/Rom/ROM_JOJO/ROM_JOJO.bd]
create_ip_run [get_files -of_objects [get_fileset sources_1] C:/Users/Raymond-Ziyue/Desktop/Proj/JOJO/Rom/ROM_Bubble/ROM_Bubble.bd]
create_ip_run [get_files -of_objects [get_fileset sources_1] C:/Users/Raymond-Ziyue/Desktop/Proj/JOJO/Rom/ROM_Gameover/ROM_Gameover.bd]
synth_design -rtl -name rtl_1
open_run synth_1 -name synth_1
close_design
reset_run synth_1
launch_runs synth_1 -jobs 6
wait_on_run synth_1
add_files -norecurse C:/Users/Raymond-Ziyue/Desktop/Proj/JOJO/Framework/B2BCD.v
update_compile_order -fileset sources_1
reset_run synth_1
launch_runs synth_1 -jobs 6
wait_on_run synth_1
open_run synth_1 -name synth_1
close_design
create_ip_run [get_files -of_objects [get_fileset sources_1] C:/Users/Raymond-Ziyue/Desktop/Proj/JOJO/Rom/ROM_Gamecover/ROM_Gamecover.bd]
create_ip_run [get_files -of_objects [get_fileset sources_1] C:/Users/Raymond-Ziyue/Desktop/Proj/JOJO/Rom/ROM_Background/ROM_Background.bd]
create_ip_run [get_files -of_objects [get_fileset sources_1] C:/Users/Raymond-Ziyue/Desktop/Proj/JOJO/Rom/ROM_Mask_normal/ROM_Mask_normal.bd]
create_ip_run [get_files -of_objects [get_fileset sources_1] C:/Users/Raymond-Ziyue/Desktop/Proj/JOJO/Rom/ROM_Mask_crazy/ROM_Mask_crazy.bd]
create_ip_run [get_files -of_objects [get_fileset sources_1] C:/Users/Raymond-Ziyue/Desktop/Proj/JOJO/Rom/ROM_JOJO_overdrive/ROM_JOJO_overdrive.bd]
create_ip_run [get_files -of_objects [get_fileset sources_1] C:/Users/Raymond-Ziyue/Desktop/Proj/JOJO/Rom/ROM_JOJO/ROM_JOJO.bd]
create_ip_run [get_files -of_objects [get_fileset sources_1] C:/Users/Raymond-Ziyue/Desktop/Proj/JOJO/Rom/ROM_Bubble/ROM_Bubble.bd]
create_ip_run [get_files -of_objects [get_fileset sources_1] C:/Users/Raymond-Ziyue/Desktop/Proj/JOJO/Rom/ROM_Gameover/ROM_Gameover.bd]
synth_design -rtl -name rtl_1
write_schematic -format pdf -orientation portrait C:/Users/Raymond-Ziyue/Desktop/Proj/Report/schematic.pdf
close_design
create_ip_run [get_files -of_objects [get_fileset sources_1] C:/Users/Raymond-Ziyue/Desktop/Proj/JOJO/Rom/ROM_Gamecover/ROM_Gamecover.bd]
create_ip_run [get_files -of_objects [get_fileset sources_1] C:/Users/Raymond-Ziyue/Desktop/Proj/JOJO/Rom/ROM_Background/ROM_Background.bd]
create_ip_run [get_files -of_objects [get_fileset sources_1] C:/Users/Raymond-Ziyue/Desktop/Proj/JOJO/Rom/ROM_Mask_normal/ROM_Mask_normal.bd]
create_ip_run [get_files -of_objects [get_fileset sources_1] C:/Users/Raymond-Ziyue/Desktop/Proj/JOJO/Rom/ROM_Mask_crazy/ROM_Mask_crazy.bd]
create_ip_run [get_files -of_objects [get_fileset sources_1] C:/Users/Raymond-Ziyue/Desktop/Proj/JOJO/Rom/ROM_JOJO_overdrive/ROM_JOJO_overdrive.bd]
create_ip_run [get_files -of_objects [get_fileset sources_1] C:/Users/Raymond-Ziyue/Desktop/Proj/JOJO/Rom/ROM_JOJO/ROM_JOJO.bd]
create_ip_run [get_files -of_objects [get_fileset sources_1] C:/Users/Raymond-Ziyue/Desktop/Proj/JOJO/Rom/ROM_Bubble/ROM_Bubble.bd]
create_ip_run [get_files -of_objects [get_fileset sources_1] C:/Users/Raymond-Ziyue/Desktop/Proj/JOJO/Rom/ROM_Gameover/ROM_Gameover.bd]
synth_design -rtl -name rtl_1
